set tool probtrackx
set probtrack(bedpost_dir) /Users/chiara/smartontheinside/.
set probtrack(xfm) 
set probtrack(mode) seedmask
set probtrack(exclude_yn) 0
set probtrack(usereference_yn) 0
set probtrack(verbose_yn) 0
set probtrack(loopcheck_yn) 1
set probtrack(modeuler_yn) 0
set probtrack(curvature) 0.2
set probtrack(nsteps) 2000
set probtrack(steplength) 0.5
set probtrack(nparticles) 5000
set probtrack(fibthresh) 0.01
set probtrack(distthresh) 0.0
set probtrack(sampvox) 0.0
set probtrack(oneway_yn) 1
set probtrack(wayorder_yn) 0
set probtrack(waycond) AND
set probtrack(reference) /Users/chiara/smartontheinside/frontal.L.nii
set probtrack(output) /Users/chiara/smartontheinside/tractography-ouput
